[11:16:22] [Render thread/INFO] [JMLogger] JourneyMap log initialized.
[11:16:22] [Render thread/INFO] [JourneymapClient] initialize ENTER
[11:16:22] [Render thread/INFO] [ClientAPI] [ClientAPI] built with JourneyMap API 2.0.0-SNAPSHOT
[11:16:22] [Render thread/INFO] [PluginHelper] Initializing plugins with Client API: journeymap.api.client.impl.ClientAPI
[11:16:22] [Render thread/INFO] [PluginHelper] Initialized IClientPlugin: games.alejandrocoria.mapfrontiers.client.plugin.MapFrontiersPlugin
[11:16:22] [Render thread/INFO] [PluginHelper] Initialized IClientPlugin: journeymap.api.plugins.LoadedChunkOverlayPlugin
[11:16:22] [Render thread/INFO] [PropertiesBase] core (FirstLoaded) Setting config file to version "6.0.0-beta.29": journeymap.core.config
[11:16:22] [Render thread/INFO] [PropertiesBase] core (Valid) Creating config file: /home/player/.local/share/PrismLauncher/instances/LOCAL/minecraft/journeymap/config/6.0/journeymap.core.config
[11:16:22] [Render thread/INFO] [PropertiesBase] fullmap (FirstLoaded) Setting config file to version "6.0.0-beta.29": journeymap.fullmap.config
[11:16:22] [Render thread/INFO] [PropertiesBase] fullmap (Valid) Creating config file: /home/player/.local/share/PrismLauncher/instances/LOCAL/minecraft/journeymap/config/6.0/journeymap.fullmap.config
[11:16:22] [Render thread/INFO] [PropertiesBase] minimap (Initialized) Setting config file to version "6.0.0-beta.29": journeymap.minimap.config
[11:16:22] [Render thread/INFO] [PropertiesBase] minimap (Valid) Creating config file: /home/player/.local/share/PrismLauncher/instances/LOCAL/minecraft/journeymap/config/6.0/journeymap.minimap.config
[11:16:22] [Render thread/INFO] [PropertiesBase] minimap2 (FirstLoaded) Setting config file to version "6.0.0-beta.29": journeymap.minimap2.config
[11:16:22] [Render thread/INFO] [PropertiesBase] minimap2 (Valid) Creating config file: /home/player/.local/share/PrismLauncher/instances/LOCAL/minecraft/journeymap/config/6.0/journeymap.minimap2.config
[11:16:22] [Render thread/INFO] [PropertiesBase] topo (FirstLoaded) Setting config file to version "6.0.0-beta.29": journeymap.topo.config
[11:16:22] [Render thread/INFO] [PropertiesBase] topo (Valid) Creating config file: /home/player/.local/share/PrismLauncher/instances/LOCAL/minecraft/journeymap/config/6.0/journeymap.topo.config
[11:16:22] [Render thread/INFO] [PropertiesBase] webmap (FirstLoaded) Setting config file to version "6.0.0-beta.29": journeymap.webmap.config
[11:16:22] [Render thread/INFO] [PropertiesBase] webmap (Valid) Creating config file: /home/player/.local/share/PrismLauncher/instances/LOCAL/minecraft/journeymap/config/6.0/journeymap.webmap.config
[11:16:22] [Render thread/INFO] [PropertiesBase] waypoint (FirstLoaded) Setting config file to version "6.0.0-beta.29": journeymap.waypoint.config
[11:16:22] [Render thread/INFO] [PropertiesBase] waypoint (Valid) Creating config file: /home/player/.local/share/PrismLauncher/instances/LOCAL/minecraft/journeymap/config/6.0/journeymap.waypoint.config
[11:16:22] [Render thread/INFO] [PropertiesBase] rendering (FirstLoaded) Setting config file to version "6.0.0-beta.29": journeymap.rendering.config
[11:16:22] [Render thread/INFO] [PropertiesBase] rendering (Valid) Creating config file: /home/player/.local/share/PrismLauncher/instances/LOCAL/minecraft/journeymap/config/6.0/journeymap.rendering.config
[11:16:22] [Render thread/INFO] [?] Version: JourneyMap 1.21.1-6.0.0-beta.29, built with fabric 0.105.0+1.21.1
fabric: 0.16.5
Environment: os.name, os.arch, java.version, user.country, user.language=null, game language=en_us, locale=en_us
Features: 
	RadarPlayers : singleplayer = true , multiplayer = true
	RadarAnimals : singleplayer = true , multiplayer = true
	RadarMobs : singleplayer = true , multiplayer = true
	RadarVillagers : singleplayer = true , multiplayer = true
	MapTopo : singleplayer = true , multiplayer = true
	MapSurface : singleplayer = true , multiplayer = true
	MapCaves : singleplayer = true , multiplayer = true
	MapBiome : singleplayer = true , multiplayer = true
MiniMapProperties{state=SavedOk, file=journeymap.minimap.config, configVersion=6.0.0-beta.29, infoSlotTimeFormat=HH:mm:ss, zoomLevel=512, compassFontScale=1.0, infoSlotFontScale=1.0, terrainAlpha=100, showEntityNames=false, showPassiveNames=false, positionX=0.9, positionY=0.25, effectVertical=false, showPlayerHeading=true, sizePercent=30, playerDisplayScale=1.0, showDayNight=true, showPets=true, showPlayerNames=true, preferredMapType=day, showCompass=true, showNpcNames=false, mobDisplay=jm.common.entity_display.dots_and_outlined_icons, showHostileNames=false, systemTimeRealFormat=HH:mm:ss, shape=jm.minimap.shape_circle, showSelf=true, showVillagerNames=false, selfDisplayScale=1.0, showGrid=true, reticleOrientation=jm.minimap.orientation.compass, minimapLockedMapType=jm.common.map_type.auto, effectTranslateX=0, info3LabelPosition=jm.minimap.info_slot.bottom, showWaypoints=true, info2LabelPosition=jm.minimap.info_slot.top, minimapKeyMovementSpeed=0.001, info1LabelPosition=jm.minimap.info_slot.top, showAnimals=true, infoSlotAlpha=0.7, effectTranslateY=0, showWaypointLabels=true, showAmbientNames=false, moveEffectIcons=true, showTeamNames=true, position=jm.minimap.position_topright, fontScale=1.0, info4LabelPosition=jm.minimap.info_slot.bottom, showPlayers=true, waypointIconScale=1.0, frameAlpha=100, effectReversed=false, backgroundAlpha=0.8, enabled=true, showVillagers=true, info2Label=jm.theme.labelsource.gametime, info3Label=jm.theme.labelsource.location, caveLayer=4, showMobs=true, waypointLabelScale=1.0, showReticle=true, orientation=jm.minimap.orientation.north, info4Label=jm.theme.labelsource.biome, locationFormat=xzyv, playerDisplay=jm.common.entity_display.outlined_icons, mobDisplayScale=1.0, showOffScreenPlayers=true, showCaves=true, showMobHeading=true, locationFormatVerbose=true, showAmbientCreatures=false, showPetNames=false, info1Label=jm.theme.labelsource.blank, showNoIconNames=true}
MiniMapProperties{state=SavedOk, file=journeymap.minimap2.config, configVersion=6.0.0-beta.29, infoSlotTimeFormat=HH:mm:ss, zoomLevel=512, compassFontScale=1.0, infoSlotFontScale=1.0, terrainAlpha=100, showEntityNames=false, showPassiveNames=false, positionX=0.9, positionY=0.25, effectVertical=false, showPlayerHeading=true, sizePercent=30, playerDisplayScale=1.0, showDayNight=true, showPets=true, showPlayerNames=true, preferredMapType=day, showCompass=true, showNpcNames=false, mobDisplay=jm.common.entity_display.dots_and_outlined_icons, showHostileNames=false, systemTimeRealFormat=HH:mm:ss, shape=jm.minimap.shape_rectangle, showSelf=true, showVillagerNames=false, selfDisplayScale=1.0, showGrid=true, reticleOrientation=jm.minimap.orientation.compass, minimapLockedMapType=jm.common.map_type.auto, effectTranslateX=0, info3LabelPosition=jm.minimap.info_slot.bottom, showWaypoints=true, info2LabelPosition=jm.minimap.info_slot.top, minimapKeyMovementSpeed=0.001, info1LabelPosition=jm.minimap.info_slot.top, showAnimals=true, infoSlotAlpha=0.7, effectTranslateY=0, showWaypointLabels=true, showAmbientNames=false, moveEffectIcons=true, showTeamNames=true, position=jm.minimap.position_topright, fontScale=1.0, info4LabelPosition=jm.minimap.info_slot.bottom, showPlayers=true, waypointIconScale=1.0, frameAlpha=100, effectReversed=false, backgroundAlpha=0.8, enabled=true, showVillagers=true, info2Label=jm.theme.labelsource.gametime, info3Label=jm.theme.labelsource.location, caveLayer=4, showMobs=true, waypointLabelScale=1.0, showReticle=true, orientation=jm.minimap.orientation.north, info4Label=jm.theme.labelsource.biome, locationFormat=xzyv, playerDisplay=jm.common.entity_display.outlined_icons, mobDisplayScale=1.0, showOffScreenPlayers=true, showCaves=true, showMobHeading=true, locationFormatVerbose=true, showAmbientCreatures=false, showPetNames=false, info1Label=jm.theme.labelsource.blank, showNoIconNames=true}
FullMapProperties{state=SavedOk, file=journeymap.fullmap.config, configVersion=6.0.0-beta.29, zoomLevel=512, minimalMode=false, showPlayers=true, waypointIconScale=1.0, showEntityNames=false, showPassiveNames=false, showPlayerHeading=true, showVillagers=true, showPlayerLoc=true, showKeys=true, playerDisplayScale=1.0, showMobs=true, showPets=true, waypointLabelScale=1.0, showPlayerNames=true, preferredMapType=day, showNpcNames=false, mobDisplay=jm.common.entity_display.dots_and_outlined_icons, showHostileNames=false, showSelf=true, locationFormat=xzyv, playerDisplay=jm.common.entity_display.outlined_icons, showVillagerNames=false, mobDisplayScale=1.0, selfDisplayScale=1.0, showOffScreenPlayers=true, showGrid=true, showMouseLoc=true, showWaypoints=true, showCaves=true, showThemeButton=true, showAnimals=true, dragScale=1, showMobHeading=true, showWaypointLabels=true, locationFormatVerbose=true, showAmbientNames=false, showAmbientCreatures=false, showTeamNames=true, showPetNames=false, fontScale=1.0, showNoIconNames=true}
WaypointProperties{state=SavedOk, file=journeymap.waypoint.config, configVersion=6.0.0-beta.29, autoRemoveDeathpointDistance=2, dateFormat=MM-dd-yyyy, autoHideIconAngle=5, autoRemoveDeathpoints=false, autoHideIcon=false, autoHideLabelAngle=5, renderWaypointsWorld=true, showDeleteConfirmation=true, fullscreenDoubleClickToCreate=true, minDistance=4, boldLabel=false, disableShare=false, showDeathpointlabel=true, textureSmall=true, beaconEnabled=true, createDeathpoints=true, disableStrikeThrough=false, renderWaypointsMap=true, showName=true, maxDistance=0, autoHideLabel=true, autoRemoveTempWaypoints=2, teleportCommand=/tp {name} {x} {y} {z}, showStaticBeam=true, renderWaypoints=true, wholeNumberTeleportCoords=false, timeFormat=HH:mm:ss, shaderBeacon=false, showDistance=true, showRotatingBeam=true, fontScale=2.0, managerEnabled=true}
WebMapProperties{state=SavedOk, file=journeymap.webmap.config, configVersion=6.0.0-beta.29, port=8080, enabled=false}
CoreProperties{state=SavedOk, file=journeymap.core.config, configVersion=6.0.0-beta.29, maxPlayersData=32, mapSurfaceAboveCaves=true, dataCachingEnabled=true, maxAmbientCreaturesData=32, optionsManagerViewed=null, announceMod=true, ignoreSnow=false, colorPassive=#bbbbbb, colorPassiveLabel=#bbbbbb, mapShadows=true, mapBlendWater=true, playerIconFade=true, renderDistanceSurfaceMax=0, seedId=false, colorPetLabel=#0077ff, radarVerticalDistance=16, mapBlendGrass=true, recordCacheStats=false, hideSneakingEntities=true, initialSortOrder=Name, colorPlayerLabel=#ffffff, revealShape=jm.minimap.shape_circle, mapBiome=true, caveShader=jm.common.map_filter.default, mipmapLevels=5, colorVillagerLabel=#88e188, alwaysMapSurface=false, biomeShader=jm.common.map_filter.default, colorVillager=#88e188, mapPlants=false, colorPet=#0077ff, sortDescending=true, radarLateralDistance=64, mapBathymetry=false, mapCrops=true, maxMobsData=32, dayShader=jm.common.map_filter.default, mapPlantShadows=false, alwaysMapCaves=false, checkUpdates=true, colorHostileLabel=#ff0000, mapBlendFoliage=true, topoMax=0, hideSpectators=false, mappingEnabled=true, colorPlayer=#ffffff, cacheVillagersData=2200, logLevel=INFO, maxVillagersData=32, mapWaterBiomeColors=true, maxAnimalsData=32, mapTransparency=true, caveBlackAsClear=false, caveModeThreshold=2, legacyIcons=false, netherShader=jm.common.map_filter.default, caveIgnoreGlass=true, mapTopography=true, renderDistanceCaveMax=0, mapAntialiasing=true, colorSelf=#0000ff, cachePlayersData=2000, nightShader=jm.common.map_filter.default, cacheMobsData=3000, cachePlayerData=1000, splashViewed=null, colorHostile=#ff0000, topoShader=jm.common.map_filter.default, cacheAnimalsData=3100, ignoreHeightmaps=false, themeName=Purist, mapCaveLighting=true, renderDelay=2, mobIconFade=true, serverIp=false, glErrorChecking=false, autoMapPoll=2000}
[11:16:22] [Render thread/INFO] [JourneymapClient] initialize EXIT, elapsed count 1 avg 464.24ms
[11:16:23] [Render thread/INFO] [ThemeLoader] Preloaded theme textures: 73
[11:16:23] [Render thread/INFO] [JourneymapClient] postInitialize EXIT, elapsed count 1 avg 366.68ms
[11:16:27] [Render thread/INFO] [ColorPalette] Color palette file generated for 0 blockstates in 0ms for: Default Palette
[11:17:08] [Server thread/INFO] [PropertiesBase] global (FirstLoaded) Setting config file to version "6.0.0-beta.29": journeymap.server.global.config
[11:17:08] [Server thread/INFO] [PropertiesBase] global (Valid) Creating config file: /home/player/.local/share/PrismLauncher/instances/LOCAL/minecraft/journeymap/server/6.0/journeymap.server.global.config
[11:17:08] [Server thread/INFO] [PropertiesBase] default (FirstLoaded) Setting config file to version "6.0.0-beta.29": journeymap.server.default.config
[11:17:08] [Server thread/INFO] [PropertiesBase] default (Valid) Creating config file: /home/player/.local/share/PrismLauncher/instances/LOCAL/minecraft/journeymap/server/6.0/journeymap.server.default.config
[11:17:08] [Server thread/INFO] [PropertiesBase] minecraft~overworld (Valid) Creating config file: /home/player/.local/share/PrismLauncher/instances/LOCAL/minecraft/journeymap/server/6.0/journeymap.server.minecraft~overworld.config
[11:17:08] [Server thread/INFO] [PropertiesBase] minecraft~the_end (Valid) Creating config file: /home/player/.local/share/PrismLauncher/instances/LOCAL/minecraft/journeymap/server/6.0/journeymap.server.minecraft~the_end.config
[11:17:08] [Server thread/INFO] [PropertiesBase] minecraft~the_nether (Valid) Creating config file: /home/player/.local/share/PrismLauncher/instances/LOCAL/minecraft/journeymap/server/6.0/journeymap.server.minecraft~the_nether.config
[11:17:15] [Render thread/WARN] [PropertiesBase] core (Initialized) Bad configField entry during updateFrom(): optionsManagerViewed=null
[11:17:15] [Render thread/WARN] [PropertiesBase] core (Initialized) Bad configField entry during updateFrom(): splashViewed=null
[11:17:15] [Render thread/INFO] [WaypointHandler] Resetting Waypoints and Groups.
[11:17:15] [Render thread/INFO] [WaypointStore] Loaded 0 waypoints from disk.
[11:17:15] [Render thread/INFO] [WaypointGroupStore] Loaded 0 waypoint groups from disk.
[11:17:15] [Render thread/INFO] [ClientWaypointDAO] Saving WaypointData.dat async:true
[11:17:15] [Render thread/INFO] [ClientWaypointDAO] Saving WaypointData.dat async:true
[11:17:15] [Render thread/INFO] [ClientWaypointDAO] Saving WaypointData.dat async:true
[11:17:15] [Render thread/INFO] [ClientWaypointDAO] Saving WaypointData.dat async:true
[11:17:15] [Render thread/INFO] [LegacyWaypointFileMigrator] 0 Legacy waypoints found that need to be migrated and backed up.
[11:17:15] [Render thread/INFO] [ColorPalette] Color palette file generated for 0 blockstates in 0ms for: /home/player/.local/share/PrismLauncher/instances/LOCAL/minecraft/journeymap/colorpalette.json
[11:17:15] [Render thread/INFO] [ColorPalette] Color palette file generated for 0 blockstates in 0ms for: /home/player/.local/share/PrismLauncher/instances/LOCAL/minecraft/journeymap/data/sp/New World/colorpalette.json
[11:17:15] [Render thread/INFO] [JourneymapClient] Mapping started in /home/player/.local/share/PrismLauncher/instances/LOCAL/minecraft/journeymap/data/sp/New World/overworld. Memory: 10240MB total, 3100MB free 
[11:17:15] [Render thread/INFO] [ChatLog] JourneyMap: Press [J]
[11:19:07] [Render thread/INFO] [ClientWaypointDAO] Saving WaypointData.dat async:true
[11:19:08] [Render thread/INFO] [ClientWaypointDAO] Saving WaypointData.dat async:true
[11:38:26] [Render thread/INFO] [WaypointHandler] Resetting Waypoints and Groups.
[11:38:26] [Render thread/INFO] [WaypointStore] Loaded 0 waypoints from disk.
[11:38:26] [Render thread/INFO] [WaypointGroupStore] Loaded 4 waypoint groups from disk.
[11:38:26] [Render thread/INFO] [LegacyWaypointFileMigrator] 0 Legacy waypoints found that need to be migrated and backed up.
[11:38:27] [Render thread/INFO] [WaypointHandler] Resetting Waypoints and Groups.
[11:38:27] [Render thread/INFO] [WaypointStore] Loaded 0 waypoints from disk.
[11:38:27] [Render thread/INFO] [WaypointGroupStore] Loaded 4 waypoint groups from disk.
[11:38:27] [Render thread/INFO] [LegacyWaypointFileMigrator] 0 Legacy waypoints found that need to be migrated and backed up.
[11:38:48] [Render thread/INFO] [JourneymapClient] Mapping halted in /home/player/.local/share/PrismLauncher/instances/LOCAL/minecraft/journeymap/data/mp/offline/minecraft:overworld
